<html>
<body>
<pre>
<h1>µVision Build Log</h1>
<h2>Project:</h2>
F:\MCU_Project\´®¿ÚÊä³öHMC5883L+ADXL345+BMP085\´®¿Ú\lunzhou.uvproj
Project File Date:  08/19/2011

<h2>Output:</h2>
Build target 'Target 1'
compiling main.c...
compiling stm32f10x_it.c...
compiling stm32f10x_rcc.c...
compiling stm32f10x_tim.c...
compiling stm32f10x_usart.c...
compiling stm32f10x_wwdg.c...
compiling misc.c...
compiling stm32f10x_gpio.c...
compiling stm32f10x_flash.c...
compiling core_cm3.c...
compiling system_stm32f10x.c...
linking...
Program Size: Code=13720 RO-data=496 RW-data=128 ZI-data=1632  
FromELF: creating hex file...
"lunzhou.axf" - 0 Error(s), 0 Warning(s).
Build target 'Target 1'
compiling main.c...
linking...
Program Size: Code=13736 RO-data=496 RW-data=128 ZI-data=1632  
FromELF: creating hex file...
"lunzhou.axf" - 0 Error(s), 0 Warning(s).
Build target 'Target 1'
compiling main.c...
compiling stm32f10x_it.c...
compiling stm32f10x_rcc.c...
compiling stm32f10x_tim.c...
compiling stm32f10x_usart.c...
compiling stm32f10x_wwdg.c...
compiling misc.c...
compiling stm32f10x_gpio.c...
compiling stm32f10x_flash.c...
assembling startup_stm32f10x_hd.s...
compiling core_cm3.c...
compiling system_stm32f10x.c...
linking...
Program Size: Code=13936 RO-data=496 RW-data=132 ZI-data=1636  
FromELF: creating hex file...
"lunzhou.axf" - 0 Error(s), 0 Warning(s).
Build target 'Target 1'
compiling main.c...
linking...
Program Size: Code=14344 RO-data=496 RW-data=136 ZI-data=1632  
FromELF: creating hex file...
"lunzhou.axf" - 0 Error(s), 0 Warning(s).
Build target 'Target 1'
compiling main.c...
linking...
Program Size: Code=14200 RO-data=496 RW-data=132 ZI-data=1636  
FromELF: creating hex file...
"lunzhou.axf" - 0 Error(s), 0 Warning(s).
Build target 'Target 1'
compiling main.c...
linking...
Program Size: Code=14176 RO-data=496 RW-data=132 ZI-data=1636  
FromELF: creating hex file...
"lunzhou.axf" - 0 Error(s), 0 Warning(s).
Build target 'Target 1'
compiling main.c...
linking...
Program Size: Code=14200 RO-data=496 RW-data=132 ZI-data=1636  
FromELF: creating hex file...
"lunzhou.axf" - 0 Error(s), 0 Warning(s).
