<html>
<body>
<pre>
<h1>µVision Build Log</h1>
<h2>Project:</h2>
C:\Users\Bigbear\Desktop\OLEDÍê³É\1.uvproj
Project File Date:  08/18/2011

<h2>Output:</h2>
Build target 'Target 1'
assembling Startup.s...
compiling oled.c...
oled.c(17): warning:  #9-D: nested comment is not allowed
oled.c:   /*
oled.c:   ^
oled.c(45): error:  #40: expected an identifier
oled.c:   */
oled.c:    ^
oled.c(50): warning:  #12-D: parsing restarts here after previous syntax error
oled.c:   void PortInit(void)
oled.c:                ^
oled.c: oled.c: 2 warnings, 1 error
compiling UART.c...
compiling UARTInit.c...
compiling main.c...
main.c(18): warning:  #1-D: last line of file ends without a newline
main.c:   //
main.c:     ^
main.c: main.c: 1 warning, 0 errors
compiling systemInit.c...
systemInit.c(44): warning:  #1-D: last line of file ends without a newline
systemInit.c:   //
systemInit.c:     ^
systemInit.c: systemInit.c: 1 warning, 0 errors
Target not created
compiling oled.c...
oled.c - 0 Error(s), 0 Warning(s).
compiling main.c...
main.c(9): warning:  #223-D: function "UartInit" declared implicitly
main.c:         UartInit();
main.c:         ^
main.c(16): warning:  #223-D: function "UartSend" declared implicitly
main.c:         while(1){UartSend(10);};
main.c:                  ^
main.c(18): warning:  #1-D: last line of file ends without a newline
main.c:   //
main.c:     ^
main.c: main.c: 3 warnings, 0 errors
main.c - 0 Error(s), 3 Warning(s).
Build target 'Target 1'
compiling oled.c...
linking...
1.axf: Error: L6218E: Undefined symbol UartInit (referred from main.o).
1.axf: Error: L6218E: Undefined symbol UartSend (referred from main.o).
1.axf: Not enough information to list image symbols.
1.axf: Finished: 1 information, 0 warning and 2 error messages.
Target not created
Build target 'Target 1'
compiling main.c...
main.c(15): warning:  #223-D: function "UartSend" declared implicitly
main.c:         while(1){UartSend(10);};
main.c:                  ^
main.c(17): warning:  #1-D: last line of file ends without a newline
main.c:   //
main.c:     ^
main.c: main.c: 2 warnings, 0 errors
linking...
1.axf: Error: L6218E: Undefined symbol UartSend (referred from main.o).
1.axf: Not enough information to list image symbols.
1.axf: Finished: 1 information, 0 warning and 1 error messages.
Target not created
compiling main.c...
main.c(17): warning:  #1-D: last line of file ends without a newline
main.c:   //
main.c:     ^
main.c: main.c: 1 warning, 0 errors
main.c - 0 Error(s), 1 Warning(s).
Build target 'Target 1'
linking...
Program Size: Code=3140 RO-data=2004 RW-data=0 ZI-data=352  
FromELF: creating hex file...
"1.axf" - 0 Error(s), 0 Warning(s).
Build target 'Target 1'
assembling Startup.s...
compiling oled.c...
compiling main.c...
main.c(17): warning:  #1-D: last line of file ends without a newline
main.c:   //
main.c:     ^
main.c: main.c: 1 warning, 0 errors
compiling systemInit.c...
systemInit.c(44): warning:  #1-D: last line of file ends without a newline
systemInit.c:   //
systemInit.c:     ^
systemInit.c: systemInit.c: 1 warning, 0 errors
linking...
Program Size: Code=3140 RO-data=2004 RW-data=0 ZI-data=352  
FromELF: creating hex file...
"1.axf" - 0 Error(s), 2 Warning(s).
