C51 COMPILER V8.08   DELAY                                                                 12/20/2011 18:21:50 PAGE 1   


C51 COMPILER V8.08, COMPILATION OF MODULE DELAY
OBJECT MODULE PLACED IN delay.OBJ
COMPILER INVOKED BY: C:\Keil\C51\BIN\C51.exe delay.c DB OE BR INCDIR(c:\SiLabs\MCU\Inc)

line level    source

   1          /***************************************************************************
   2          名    称： delay.C
   3          功    能： 子函数定义
   4          作    者： H&G
   5          版    本： V1.0
   6          创建时间： 2011-6-10
   7          ***************************************************************************/
   8          
   9          /***************************************************************************
  10          名    称：void delay_us(unsigned int time)
  11          功    能：延迟
  12          入口参数：time   延迟时间
  13          出口参数：无
  14          说    明：具体延迟时间与系统时钟频率有关
  15          调用方法：delay_us(100);
  16          ***************************************************************************/
  17          
  18          void delay_us(unsigned int time)
  19           {     
  20   1         while (time--);
  21   1       }                
  22          
  23          
  24          /***************************************************************************
  25          名    称：void delay_ms(unsigned int time)
  26          功    能：延迟
  27          入口参数：time   延迟时间
  28          出口参数：无
  29          说    明：具体延迟时间与系统时钟频率有关
  30          调用方法：delay_ms(100);
  31          ***************************************************************************/
  32          void delay_ms(unsigned int time)
  33                   {
  34   1                while(time--) delay_us(100);                   
  35   1               }
  36          
  37          /***************************************************************************
  38          名    称：void delay(unsigned long time)
  39          功    能：延迟
  40          入口参数：time   延迟时间
  41          出口参数：无
  42          说    明：具体延迟时间与系统时钟频率有关
  43          调用方法：delay(100);
  44          ***************************************************************************/     
  45          void delay( unsigned long time)
  46          {
  47   1               unsigned int i = 0;
  48   1      
  49   1              while(time--)
  50   1              {
  51   2                      for (i = 0; i < 2; i++)
  52   2                      {}
  53   2              }
  54   1      }
  55          
C51 COMPILER V8.08   DELAY                                                                 12/20/2011 18:21:50 PAGE 2   

  56          /***************************************************************************
  57          ***************************************************************************/


MODULE INFORMATION:   STATIC OVERLAYABLE
   CODE SIZE        =     79    ----
   CONSTANT SIZE    =   ----    ----
   XDATA SIZE       =   ----    ----
   PDATA SIZE       =   ----    ----
   DATA SIZE        =   ----       4
   IDATA SIZE       =   ----    ----
   BIT SIZE         =   ----    ----
END OF MODULE INFORMATION.


C51 COMPILATION COMPLETE.  0 WARNING(S),  0 ERROR(S)
