###############################################################################
#                                                                             #
# IAR ELF Linker V6.10.1.52143/W32 for ARM              03/Jan/2012  22:43:49 #
# Copyright 2007-2010 IAR Systems AB.                                         #
#                                                                             #
#    Output file  =  F:\Kinetis\IARK60X256\01_light\bin\Flash\Exe\light.out   #
#    Map file     =  F:\Kinetis\IARK60X256\01_light\bin\Flash\List\light.map  #
#    Command line =  F:\Kinetis\IARK60X256\01_light\bin\Flash\Obj\common.o    #
#                    F:\Kinetis\IARK60X256\01_light\bin\Flash\Obj\crt0.o      #
#                    F:\Kinetis\IARK60X256\01_light\bin\Flash\Obj\gpio.o      #
#                    F:\Kinetis\IARK60X256\01_light\bin\Flash\Obj\isr.o       #
#                    F:\Kinetis\IARK60X256\01_light\bin\Flash\Obj\light.o     #
#                    F:\Kinetis\IARK60X256\01_light\bin\Flash\Obj\main.o      #
#                    F:\Kinetis\IARK60X256\01_light\bin\Flash\Obj\start.o     #
#                    F:\Kinetis\IARK60X256\01_light\bin\Flash\Obj\sysinit.o   #
#                    F:\Kinetis\IARK60X256\01_light\bin\Flash\Obj\uart.o      #
#                    F:\Kinetis\IARK60X256\01_light\bin\Flash\Obj\vectors.o   #
#                    F:\Kinetis\IARK60X256\01_light\bin\Flash\Obj\wdog.o -o   #
#                    F:\Kinetis\IARK60X256\01_light\bin\Flash\Exe\light.out   #
#                    --map F:\Kinetis\IARK60X256\01_light\bin\Flash\List\ligh #
#                    t.map --config F:\Kinetis\IARK60X256\01_light\src\Projec #
#                    t_Settings\Link\Pflash.icf --semihosting --entry         #
#                    __iar_program_start                                      #
#                                                                             #
#                                                                             #
###############################################################################

*******************************************************************************
*** MESSAGES
***

Warning[Lp012]: no sections with name .data_init included - special symbol
          .data_init$$Limit (referenced from
          F:\Kinetis\IARK60X256\01_light\bin\Flash\Obj\start.o) will be zero
Warning[Lp012]: no sections with name .data included - special symbol
          .data$$Base (referenced from
          F:\Kinetis\IARK60X256\01_light\bin\Flash\Obj\start.o) will be zero


*******************************************************************************
*** RUNTIME MODEL ATTRIBUTES
***

CppFlavor       = *
__SystemLibrary = DLib


*******************************************************************************
*** PLACEMENT SUMMARY
***

"A1":  place at 0x00000000 { ro section .intvec };
"A2":  place at 0x00000410 { ro section .noinit };
"P1":  place in [from 0x00000000 to 0x00080000] { ro, block CodeRelocate };
"P2":  place in [from 0x1fff0410 to 0x20010000] {
          rw, block CodeRelocateRam, block CSTACK, block HEAP };

  Section              Kind        Address   Size  Object
  -------              ----        -------   ----  ------
"A1":                                       0x410
  .intvec              const    0x00000000  0x410  vectors.o [1]
                              - 0x00000410  0x410

"A2":                                        0x3c
  .noinit              ro code  0x00000410   0x3c  crt0.o [1]
                              - 0x0000044c   0x3c

"P1":                                       0x494
  Veneer               ro code  0x0000044c    0x8  - Linker created -
  .text                ro code  0x00000454  0x1ac  sysinit.o [1]
  .text                ro code  0x00000600   0xb0  start.o [1]
  .text                ro code  0x000006b0   0x38  wdog.o [1]
  .text                ro code  0x000006e8   0x3c  main.o [1]
  .text                ro code  0x00000724    0xc  common.o [1]
  .text                ro code  0x00000730   0x14  light.o [1]
  .text                ro code  0x00000744   0xa2  gpio.o [1]
  .text                ro code  0x000007e6   0x22  zero_init3.o [4]
  CodeRelocate                  0x00000808   0x4c  <Block>
    Initializer bytes  ro data  0x00000808   0x4c  <for CodeRelocateRam-1>
  .text                ro code  0x00000854   0x2c  data_init3.o [4]
  .iar.init_table      const    0x00000880   0x10  - Linker created -
  .text                ro code  0x00000890   0x16  cmain.o [4]
  .text                ro code  0x000008a6    0x4  low_level_init.o [3]
  .text                ro code  0x000008aa    0x8  exit.o [3]
  .text                ro code  0x000008b2    0x2  vectors.o [1]
  .text                ro code  0x000008b4    0xa  cexit.o [4]
  .text                ro code  0x000008c0   0x14  exit.o [5]
  .text                ro code  0x000008d4    0xc  cstartup_M.o [4]
                              - 0x000008e0  0x494

"P2", part 1 of 2:                           0x4c
  CodeRelocateRam               0x1fff0410   0x4c  <Block>
    CodeRelocateRam-1           0x1fff0410   0x4c  <Init block>
      .textrw          inited   0x1fff0410   0x4c  sysinit.o [1]
                              - 0x1fff045c   0x4c

"P2", part 2 of 2:                            0xc
  .bss                          0x1fff045c    0xc  <Block>
    .bss               zero     0x1fff045c    0x4  sysinit.o [1]
    .bss               zero     0x1fff0460    0x4  sysinit.o [1]
    .bss               zero     0x1fff0464    0x4  sysinit.o [1]
                              - 0x1fff0468    0xc


*******************************************************************************
*** INIT TABLE
***

          Address     Size
          -------     ----
Zero (__iar_zero_init3)
    1 destination range, total size 0xc:
          0x1fff045c   0xc


*******************************************************************************
*** MODULE SUMMARY
***

    Module            ro code  rw code  ro data  rw data
    ------            -------  -------  -------  -------
F:\Kinetis\IARK60X256\01_light\bin\Flash\Obj: [1]
    common.o               12
    crt0.o                 60
    gpio.o                162
    light.o                20
    main.o                 60
    start.o               176
    sysinit.o             428       76       76       12
    vectors.o               2             1 040
    wdog.o                 56
    ----------------------------------------------------
    Total:                976       76    1 116       12

command line: [2]
    ----------------------------------------------------
    Total:

dl7M_tln.a: [3]
    exit.o                  8
    low_level_init.o        4
    ----------------------------------------------------
    Total:                 12

rt7M_tl.a: [4]
    cexit.o                10
    cmain.o                22
    cstartup_M.o           12
    data_init3.o           44
    zero_init3.o           34
    ----------------------------------------------------
    Total:                122

shb_l.a: [5]
    exit.o                 20
    ----------------------------------------------------
    Total:                 20

    Gaps                    2
    Linker created          8                16
--------------------------------------------------------
    Grand Total:        1 140       76    1 132       12


*******************************************************************************
*** ENTRY LIST
***

Entry                      Address   Size  Type      Object
-----                      -------   ----  ----      ------
.bss$$Base              0x1fff045c          --   Gb  - Linker created -
.bss$$Limit             0x1fff0468          --   Gb  - Linker created -
.data$$Base             0x00000000          --   Gb  - Linker created -
.data_init$$Base        0x00000000          --   Gb  - Linker created -
.data_init$$Limit       0x00000000          --   Gb  - Linker created -
?main                   0x00000891         Code  Gb  cmain.o [4]
CodeRelocate$$Base      0x00000808          --   Gb  - Linker created -
CodeRelocate$$Limit     0x00000854          --   Gb  - Linker created -
CodeRelocateRam$$Base   0x1fff0410          --   Gb  - Linker created -
CodeRelocateRam$$Limit  0x1fff045c          --   Gb  - Linker created -
Region$$Table$$Base     0x00000880          --   Gb  - Linker created -
Region$$Table$$Limit    0x00000890          --   Gb  - Linker created -
__BOOT_STACK_ADDRESS {Abs}
                        0x2000fff8          --   Gb  command line/config [2]
__VECTOR_RAM {Abs}      0x1fff0000          --   Gb  command line/config [2]
__VECTOR_TABLE {Abs}    0x00000000          --   Gb  command line/config [2]
__cmain                 0x00000891         Code  Gb  cmain.o [4]
__exit                  0x000008c1   0x14  Code  Gb  exit.o [5]
__iar_data_init3        0x00000855   0x2c  Code  Gb  data_init3.o [4]
__iar_program_start     0x000008d5         Code  Gb  cstartup_M.o [4]
__iar_zero_init3        0x000007e7   0x22  Code  Gb  zero_init3.o [4]
__low_level_init        0x000008a7    0x4  Code  Gb  low_level_init.o [3]
__startup               0x00000411         Code  Gb  crt0.o [1]
__vector_table          0x00000000  0x410  Data  Gb  vectors.o [1]
_call_main              0x0000089d         Code  Gb  cmain.o [4]
_exit                   0x000008b5         Code  Gb  cexit.o [4]
_main                   0x000008a3         Code  Gb  cmain.o [4]
common_startup          0x00000615   0x74  Code  Gb  start.o [1]
core_clk_khz            0x1fff045c    0x4  Data  Gb  sysinit.o [1]
core_clk_mhz            0x1fff0460    0x4  Data  Gb  sysinit.o [1]
default_isr             0x000008b3    0x2  Code  Gb  vectors.o [1]
exit                    0x000008ab    0x8  Code  Gb  exit.o [3]
fb_clk_init             0x000004b3   0x16  Code  Gb  sysinit.o [1]
gpio_init               0x00000745   0x7a  Code  Gb  gpio.o [1]
gpio_reverse            0x000007d9    0xe  Code  Gb  gpio.o [1]
light_change            0x0000073d    0x8  Code  Gb  light.o [1]
light_init              0x00000731    0xc  Code  Gb  light.o [1]
main                    0x000006e9   0x3c  Code  Gb  main.o [1]
periph_clk_khz          0x1fff0464    0x4  Data  Gb  sysinit.o [1]
pll_init                0x000004c9   0xf6  Code  Gb  sysinit.o [1]
set_sys_dividers        0x1fff0411   0x4c  Code  Gb  sysinit.o [1]
start                   0x00000601   0x14  Code  Gb  start.o [1]
sysinit                 0x00000455   0x48  Code  Gb  sysinit.o [1]
trace_clk_init          0x0000049d   0x16  Code  Gb  sysinit.o [1]
wdog_disable            0x000006b1   0x16  Code  Gb  wdog.o [1]
wdog_unlock             0x000006c9   0x16  Code  Gb  wdog.o [1]
write_vtor              0x00000725    0x6  Code  Gb  common.o [1]


[1] = F:\Kinetis\IARK60X256\01_light\bin\Flash\Obj
[2] = command line
[3] = dl7M_tln.a
[4] = rt7M_tl.a
[5] = shb_l.a

  1 140 bytes of readonly  code memory
     76 bytes of readwrite code memory
  1 132 bytes of readonly  data memory
     12 bytes of readwrite data memory

Errors: none
Warnings: 2
